Archive member included to satisfy reference by file (symbol)

c:/program files (x86)/gnu tools arm embedded/5.4 2016q3/bin/../lib/gcc/arm-none-eabi/5.4.1/../../../../arm-none-eabi/lib/armv7-m\libg.a(lib_a-exit.o)
                              c:/program files (x86)/gnu tools arm embedded/5.4 2016q3/bin/../lib/gcc/arm-none-eabi/5.4.1/../../../../arm-none-eabi/lib/armv7-m/crt0.o (exit)
c:/program files (x86)/gnu tools arm embedded/5.4 2016q3/bin/../lib/gcc/arm-none-eabi/5.4.1/../../../../arm-none-eabi/lib/armv7-m\libg.a(lib_a-impure.o)
                              c:/program files (x86)/gnu tools arm embedded/5.4 2016q3/bin/../lib/gcc/arm-none-eabi/5.4.1/../../../../arm-none-eabi/lib/armv7-m\libg.a(lib_a-exit.o) (_global_impure_ptr)
c:/program files (x86)/gnu tools arm embedded/5.4 2016q3/bin/../lib/gcc/arm-none-eabi/5.4.1/../../../../arm-none-eabi/lib/armv7-m\libg.a(lib_a-init.o)
                              c:/program files (x86)/gnu tools arm embedded/5.4 2016q3/bin/../lib/gcc/arm-none-eabi/5.4.1/../../../../arm-none-eabi/lib/armv7-m/crt0.o (__libc_init_array)
c:/program files (x86)/gnu tools arm embedded/5.4 2016q3/bin/../lib/gcc/arm-none-eabi/5.4.1/../../../../arm-none-eabi/lib/armv7-m\libg.a(lib_a-memset.o)
                              c:/program files (x86)/gnu tools arm embedded/5.4 2016q3/bin/../lib/gcc/arm-none-eabi/5.4.1/../../../../arm-none-eabi/lib/armv7-m/crt0.o (memset)
c:/program files (x86)/gnu tools arm embedded/5.4 2016q3/bin/../lib/gcc/arm-none-eabi/5.4.1/../../../../arm-none-eabi/lib/armv7-m\libg.a(lib_a-__call_atexit.o)
                              c:/program files (x86)/gnu tools arm embedded/5.4 2016q3/bin/../lib/gcc/arm-none-eabi/5.4.1/../../../../arm-none-eabi/lib/armv7-m\libg.a(lib_a-exit.o) (__call_exitprocs)
c:/program files (x86)/gnu tools arm embedded/5.4 2016q3/bin/../lib/gcc/arm-none-eabi/5.4.1/../../../../arm-none-eabi/lib/armv7-m\libg.a(lib_a-atexit.o)
                              c:/program files (x86)/gnu tools arm embedded/5.4 2016q3/bin/../lib/gcc/arm-none-eabi/5.4.1/../../../../arm-none-eabi/lib/armv7-m\libg.a(lib_a-__call_atexit.o) (atexit)
c:/program files (x86)/gnu tools arm embedded/5.4 2016q3/bin/../lib/gcc/arm-none-eabi/5.4.1/../../../../arm-none-eabi/lib/armv7-m\libg.a(lib_a-fini.o)
                              c:/program files (x86)/gnu tools arm embedded/5.4 2016q3/bin/../lib/gcc/arm-none-eabi/5.4.1/../../../../arm-none-eabi/lib/armv7-m\libg.a(lib_a-__call_atexit.o) (__libc_fini_array)
c:/program files (x86)/gnu tools arm embedded/5.4 2016q3/bin/../lib/gcc/arm-none-eabi/5.4.1/../../../../arm-none-eabi/lib/armv7-m\libg.a(lib_a-__atexit.o)
                              c:/program files (x86)/gnu tools arm embedded/5.4 2016q3/bin/../lib/gcc/arm-none-eabi/5.4.1/../../../../arm-none-eabi/lib/armv7-m\libg.a(lib_a-atexit.o) (__register_exitproc)

Allocating common symbols
Common symbol       size              file

ticks               0x4               ..\obj\IRQ_SysTick.o

Discarded input sections

 .text          0x00000000        0x0 c:/program files (x86)/gnu tools arm embedded/5.4 2016q3/bin/../lib/gcc/arm-none-eabi/5.4.1/armv7-m/crti.o
 .data          0x00000000        0x0 c:/program files (x86)/gnu tools arm embedded/5.4 2016q3/bin/../lib/gcc/arm-none-eabi/5.4.1/armv7-m/crti.o
 .bss           0x00000000        0x0 c:/program files (x86)/gnu tools arm embedded/5.4 2016q3/bin/../lib/gcc/arm-none-eabi/5.4.1/armv7-m/crti.o
 .data          0x00000000        0x4 c:/program files (x86)/gnu tools arm embedded/5.4 2016q3/bin/../lib/gcc/arm-none-eabi/5.4.1/armv7-m/crtbegin.o
 .text          0x00000000       0x74 c:/program files (x86)/gnu tools arm embedded/5.4 2016q3/bin/../lib/gcc/arm-none-eabi/5.4.1/../../../../arm-none-eabi/lib/armv7-m/crt0.o
 .data          0x00000000        0x0 c:/program files (x86)/gnu tools arm embedded/5.4 2016q3/bin/../lib/gcc/arm-none-eabi/5.4.1/../../../../arm-none-eabi/lib/armv7-m/crt0.o
 .bss           0x00000000        0x0 c:/program files (x86)/gnu tools arm embedded/5.4 2016q3/bin/../lib/gcc/arm-none-eabi/5.4.1/../../../../arm-none-eabi/lib/armv7-m/crt0.o
 .ARM.extab     0x00000000        0x0 c:/program files (x86)/gnu tools arm embedded/5.4 2016q3/bin/../lib/gcc/arm-none-eabi/5.4.1/../../../../arm-none-eabi/lib/armv7-m/crt0.o
 .ARM.exidx     0x00000000        0x8 c:/program files (x86)/gnu tools arm embedded/5.4 2016q3/bin/../lib/gcc/arm-none-eabi/5.4.1/../../../../arm-none-eabi/lib/armv7-m/crt0.o
 .ARM.attributes
                0x00000000       0x1b c:/program files (x86)/gnu tools arm embedded/5.4 2016q3/bin/../lib/gcc/arm-none-eabi/5.4.1/../../../../arm-none-eabi/lib/armv7-m/crt0.o
 .data          0x00000000        0x0 ..\obj\stm32f10x_tim.o
 .bss           0x00000000        0x0 ..\obj\stm32f10x_tim.o
 .text          0x00000000      0x21c ..\obj\stm32f10x_exti.o
 .data          0x00000000        0x0 ..\obj\stm32f10x_exti.o
 .bss           0x00000000        0x0 ..\obj\stm32f10x_exti.o
 .debug_info    0x00000000      0x353 ..\obj\stm32f10x_exti.o
 .debug_abbrev  0x00000000      0x17e ..\obj\stm32f10x_exti.o
 .debug_aranges
                0x00000000       0x20 ..\obj\stm32f10x_exti.o
 .debug_line    0x00000000      0x24f ..\obj\stm32f10x_exti.o
 .debug_str     0x00000000      0x370 ..\obj\stm32f10x_exti.o
 .comment       0x00000000       0x6f ..\obj\stm32f10x_exti.o
 .debug_frame   0x00000000      0x148 ..\obj\stm32f10x_exti.o
 .ARM.attributes
                0x00000000       0x33 ..\obj\stm32f10x_exti.o
 .bss           0x00000000        0x0 ..\obj\stm32f10x_rcc.o
 .text          0x00000000       0xc8 ..\obj\stm32f10x_crc.o
 .data          0x00000000        0x0 ..\obj\stm32f10x_crc.o
 .bss           0x00000000        0x0 ..\obj\stm32f10x_crc.o
 .debug_info    0x00000000      0x208 ..\obj\stm32f10x_crc.o
 .debug_abbrev  0x00000000      0x114 ..\obj\stm32f10x_crc.o
 .debug_aranges
                0x00000000       0x20 ..\obj\stm32f10x_crc.o
 .debug_line    0x00000000      0x20c ..\obj\stm32f10x_crc.o
 .debug_str     0x00000000      0x262 ..\obj\stm32f10x_crc.o
 .comment       0x00000000       0x6f ..\obj\stm32f10x_crc.o
 .debug_frame   0x00000000       0xe8 ..\obj\stm32f10x_crc.o
 .ARM.attributes
                0x00000000       0x33 ..\obj\stm32f10x_crc.o
 .data          0x00000000        0x0 ..\obj\stm32f10x_gpio.o
 .bss           0x00000000        0x0 ..\obj\stm32f10x_gpio.o
 .data          0x00000000        0x0 ..\obj\IRQ_SysTick.o
 .bss           0x00000000        0x0 ..\obj\IRQ_SysTick.o
 .text          0x00000000      0x954 ..\obj\stm32f10x_flash.o
 .data          0x00000000        0x0 ..\obj\stm32f10x_flash.o
 .bss           0x00000000        0x0 ..\obj\stm32f10x_flash.o
 .debug_info    0x00000000      0x7bf ..\obj\stm32f10x_flash.o
 .debug_abbrev  0x00000000      0x166 ..\obj\stm32f10x_flash.o
 .debug_aranges
                0x00000000       0x20 ..\obj\stm32f10x_flash.o
 .debug_line    0x00000000      0x372 ..\obj\stm32f10x_flash.o
 .debug_str     0x00000000      0x60f ..\obj\stm32f10x_flash.o
 .comment       0x00000000       0x6f ..\obj\stm32f10x_flash.o
 .debug_frame   0x00000000      0x410 ..\obj\stm32f10x_flash.o
 .ARM.attributes
                0x00000000       0x33 ..\obj\stm32f10x_flash.o
 .text          0x00000000      0x6e8 ..\obj\stm32f10x_spi.o
 .data          0x00000000        0x0 ..\obj\stm32f10x_spi.o
 .bss           0x00000000        0x0 ..\obj\stm32f10x_spi.o
 .debug_info    0x00000000      0x8fb ..\obj\stm32f10x_spi.o
 .debug_abbrev  0x00000000      0x180 ..\obj\stm32f10x_spi.o
 .debug_aranges
                0x00000000       0x20 ..\obj\stm32f10x_spi.o
 .debug_line    0x00000000      0x30b ..\obj\stm32f10x_spi.o
 .debug_str     0x00000000      0x624 ..\obj\stm32f10x_spi.o
 .comment       0x00000000       0x6f ..\obj\stm32f10x_spi.o
 .debug_frame   0x00000000      0x3a0 ..\obj\stm32f10x_spi.o
 .ARM.attributes
                0x00000000       0x33 ..\obj\stm32f10x_spi.o
 .text          0x00000000      0x28c ..\obj\stm32f10x_cec.o
 .data          0x00000000        0x0 ..\obj\stm32f10x_cec.o
 .bss           0x00000000        0x0 ..\obj\stm32f10x_cec.o
 .debug_info    0x00000000      0x425 ..\obj\stm32f10x_cec.o
 .debug_abbrev  0x00000000      0x1b0 ..\obj\stm32f10x_cec.o
 .debug_aranges
                0x00000000       0x20 ..\obj\stm32f10x_cec.o
 .debug_line    0x00000000      0x25e ..\obj\stm32f10x_cec.o
 .debug_str     0x00000000      0x39d ..\obj\stm32f10x_cec.o
 .comment       0x00000000       0x6f ..\obj\stm32f10x_cec.o
 .debug_frame   0x00000000      0x224 ..\obj\stm32f10x_cec.o
 .ARM.attributes
                0x00000000       0x33 ..\obj\stm32f10x_cec.o
 .text          0x00000000      0x1ac ..\obj\stm32f10x_pwr.o
 .data          0x00000000        0x0 ..\obj\stm32f10x_pwr.o
 .bss           0x00000000        0x0 ..\obj\stm32f10x_pwr.o
 .debug_info    0x00000000      0x4a0 ..\obj\stm32f10x_pwr.o
 .debug_abbrev  0x00000000      0x190 ..\obj\stm32f10x_pwr.o
 .debug_aranges
                0x00000000       0x20 ..\obj\stm32f10x_pwr.o
 .debug_line    0x00000000      0x24a ..\obj\stm32f10x_pwr.o
 .debug_str     0x00000000      0x349 ..\obj\stm32f10x_pwr.o
 .comment       0x00000000       0x6f ..\obj\stm32f10x_pwr.o
 .debug_frame   0x00000000      0x164 ..\obj\stm32f10x_pwr.o
 .ARM.attributes
                0x00000000       0x33 ..\obj\stm32f10x_pwr.o
 .text          0x00000000      0x508 ..\obj\stm32f10x_sdio.o
 .data          0x00000000        0x0 ..\obj\stm32f10x_sdio.o
 .bss           0x00000000        0x0 ..\obj\stm32f10x_sdio.o
 .debug_info    0x00000000      0x7f5 ..\obj\stm32f10x_sdio.o
 .debug_abbrev  0x00000000      0x1b1 ..\obj\stm32f10x_sdio.o
 .debug_aranges
                0x00000000       0x20 ..\obj\stm32f10x_sdio.o
 .debug_line    0x00000000      0x2c1 ..\obj\stm32f10x_sdio.o
 .debug_str     0x00000000      0x657 ..\obj\stm32f10x_sdio.o
 .comment       0x00000000       0x6f ..\obj\stm32f10x_sdio.o
 .debug_frame   0x00000000      0x490 ..\obj\stm32f10x_sdio.o
 .ARM.attributes
                0x00000000       0x33 ..\obj\stm32f10x_sdio.o
 .text          0x00000000       0xc4 ..\obj\stm32f10x_iwdg.o
 .data          0x00000000        0x0 ..\obj\stm32f10x_iwdg.o
 .bss           0x00000000        0x0 ..\obj\stm32f10x_iwdg.o
 .debug_info    0x00000000      0x20e ..\obj\stm32f10x_iwdg.o
 .debug_abbrev  0x00000000      0x103 ..\obj\stm32f10x_iwdg.o
 .debug_aranges
                0x00000000       0x20 ..\obj\stm32f10x_iwdg.o
 .debug_line    0x00000000      0x203 ..\obj\stm32f10x_iwdg.o
 .debug_str     0x00000000      0x283 ..\obj\stm32f10x_iwdg.o
 .comment       0x00000000       0x6f ..\obj\stm32f10x_iwdg.o
 .debug_frame   0x00000000       0xf0 ..\obj\stm32f10x_iwdg.o
 .ARM.attributes
                0x00000000       0x33 ..\obj\stm32f10x_iwdg.o
 .text          0x00000000      0xf98 ..\obj\stm32f10x_can.o
 .data          0x00000000        0x0 ..\obj\stm32f10x_can.o
 .bss           0x00000000        0x0 ..\obj\stm32f10x_can.o
 .debug_info    0x00000000      0xba4 ..\obj\stm32f10x_can.o
 .debug_abbrev  0x00000000      0x1f5 ..\obj\stm32f10x_can.o
 .debug_aranges
                0x00000000       0x20 ..\obj\stm32f10x_can.o
 .debug_line    0x00000000      0x437 ..\obj\stm32f10x_can.o
 .debug_str     0x00000000      0x755 ..\obj\stm32f10x_can.o
 .comment       0x00000000       0x6f ..\obj\stm32f10x_can.o
 .debug_frame   0x00000000      0x3f0 ..\obj\stm32f10x_can.o
 .ARM.attributes
                0x00000000       0x33 ..\obj\stm32f10x_can.o
 .text          0x00000000      0x3f8 ..\obj\stm32f10x_dma.o
 .data          0x00000000        0x0 ..\obj\stm32f10x_dma.o
 .bss           0x00000000        0x0 ..\obj\stm32f10x_dma.o
 .debug_info    0x00000000      0x47b ..\obj\stm32f10x_dma.o
 .debug_abbrev  0x00000000      0x157 ..\obj\stm32f10x_dma.o
 .debug_aranges
                0x00000000       0x20 ..\obj\stm32f10x_dma.o
 .debug_line    0x00000000      0x2bc ..\obj\stm32f10x_dma.o
 .debug_str     0x00000000      0x3de ..\obj\stm32f10x_dma.o
 .comment       0x00000000       0x6f ..\obj\stm32f10x_dma.o
 .debug_frame   0x00000000      0x1c8 ..\obj\stm32f10x_dma.o
 .ARM.attributes
                0x00000000       0x33 ..\obj\stm32f10x_dma.o
 .text          0x00000000       0x6c ..\obj\stm32f10x_dbgmcu.o
 .data          0x00000000        0x0 ..\obj\stm32f10x_dbgmcu.o
 .bss           0x00000000        0x0 ..\obj\stm32f10x_dbgmcu.o
 .debug_info    0x00000000      0x162 ..\obj\stm32f10x_dbgmcu.o
 .debug_abbrev  0x00000000       0xe0 ..\obj\stm32f10x_dbgmcu.o
 .debug_aranges
                0x00000000       0x20 ..\obj\stm32f10x_dbgmcu.o
 .debug_line    0x00000000      0x1f5 ..\obj\stm32f10x_dbgmcu.o
 .debug_str     0x00000000      0x219 ..\obj\stm32f10x_dbgmcu.o
 .comment       0x00000000       0x6f ..\obj\stm32f10x_dbgmcu.o
 .debug_frame   0x00000000       0x78 ..\obj\stm32f10x_dbgmcu.o
 .ARM.attributes
                0x00000000       0x33 ..\obj\stm32f10x_dbgmcu.o
 .text          0x00000000       0x14 ..\obj\startup_stm32f10x_hd.o
 .data          0x00000000        0x0 ..\obj\startup_stm32f10x_hd.o
 .bss           0x00000000        0x0 ..\obj\startup_stm32f10x_hd.o
 .data          0x00000000        0x0 ..\obj\stm32f10x_usart.o
 .bss           0x00000000        0x0 ..\obj\stm32f10x_usart.o
 .text          0x00000000      0x18c ..\obj\misc.o
 .data          0x00000000        0x0 ..\obj\misc.o
 .bss           0x00000000        0x0 ..\obj\misc.o
 .debug_info    0x00000000      0x556 ..\obj\misc.o
 .debug_abbrev  0x00000000      0x147 ..\obj\misc.o
 .debug_aranges
                0x00000000       0x20 ..\obj\misc.o
 .debug_line    0x00000000      0x213 ..\obj\misc.o
 .debug_str     0x00000000      0x3e5 ..\obj\misc.o
 .comment       0x00000000       0x6f ..\obj\misc.o
 .debug_frame   0x00000000       0xd8 ..\obj\misc.o
 .ARM.attributes
                0x00000000       0x33 ..\obj\misc.o
 .text          0x00000000      0x300 ..\obj\stm32f10x_dac.o
 .data          0x00000000        0x0 ..\obj\stm32f10x_dac.o
 .bss           0x00000000        0x0 ..\obj\stm32f10x_dac.o
 .debug_info    0x00000000      0x4b4 ..\obj\stm32f10x_dac.o
 .debug_abbrev  0x00000000      0x175 ..\obj\stm32f10x_dac.o
 .debug_aranges
                0x00000000       0x20 ..\obj\stm32f10x_dac.o
 .debug_line    0x00000000      0x25c ..\obj\stm32f10x_dac.o
 .debug_str     0x00000000      0x3d6 ..\obj\stm32f10x_dac.o
 .comment       0x00000000       0x6f ..\obj\stm32f10x_dac.o
 .debug_frame   0x00000000      0x1e4 ..\obj\stm32f10x_dac.o
 .ARM.attributes
                0x00000000       0x33 ..\obj\stm32f10x_dac.o
 .text          0x00000000      0x954 ..\obj\stm32f10x_i2c.o
 .data          0x00000000        0x0 ..\obj\stm32f10x_i2c.o
 .bss           0x00000000        0x0 ..\obj\stm32f10x_i2c.o
 .debug_info    0x00000000      0xb0c ..\obj\stm32f10x_i2c.o
 .debug_abbrev  0x00000000      0x166 ..\obj\stm32f10x_i2c.o
 .debug_aranges
                0x00000000       0x20 ..\obj\stm32f10x_i2c.o
 .debug_line    0x00000000      0x344 ..\obj\stm32f10x_i2c.o
 .debug_str     0x00000000      0x68d ..\obj\stm32f10x_i2c.o
 .comment       0x00000000       0x6f ..\obj\stm32f10x_i2c.o
 .debug_frame   0x00000000      0x530 ..\obj\stm32f10x_i2c.o
 .ARM.attributes
                0x00000000       0x33 ..\obj\stm32f10x_i2c.o
 .text          0x00000000      0x2b4 ..\obj\stm32f10x_rtc.o
 .data          0x00000000        0x0 ..\obj\stm32f10x_rtc.o
 .bss           0x00000000        0x0 ..\obj\stm32f10x_rtc.o
 .debug_info    0x00000000      0x43f ..\obj\stm32f10x_rtc.o
 .debug_abbrev  0x00000000      0x180 ..\obj\stm32f10x_rtc.o
 .debug_aranges
                0x00000000       0x20 ..\obj\stm32f10x_rtc.o
 .debug_line    0x00000000      0x24a ..\obj\stm32f10x_rtc.o
 .debug_str     0x00000000      0x3c9 ..\obj\stm32f10x_rtc.o
 .comment       0x00000000       0x6f ..\obj\stm32f10x_rtc.o
 .debug_frame   0x00000000      0x214 ..\obj\stm32f10x_rtc.o
 .ARM.attributes
                0x00000000       0x33 ..\obj\stm32f10x_rtc.o
 .text          0x00000000      0x1c0 ..\obj\stm32f10x_bkp.o
 .data          0x00000000        0x0 ..\obj\stm32f10x_bkp.o
 .bss           0x00000000        0x0 ..\obj\stm32f10x_bkp.o
 .debug_info    0x00000000      0x7a6 ..\obj\stm32f10x_bkp.o
 .debug_abbrev  0x00000000      0x174 ..\obj\stm32f10x_bkp.o
 .debug_aranges
                0x00000000       0x20 ..\obj\stm32f10x_bkp.o
 .debug_line    0x00000000      0x225 ..\obj\stm32f10x_bkp.o
 .debug_str     0x00000000      0x5dc ..\obj\stm32f10x_bkp.o
 .comment       0x00000000       0x6f ..\obj\stm32f10x_bkp.o
 .debug_frame   0x00000000      0x1c4 ..\obj\stm32f10x_bkp.o
 .ARM.attributes
                0x00000000       0x33 ..\obj\stm32f10x_bkp.o
 .text          0x00000000      0x118 ..\obj\stm32f10x_wwdg.o
 .data          0x00000000        0x0 ..\obj\stm32f10x_wwdg.o
 .bss           0x00000000        0x0 ..\obj\stm32f10x_wwdg.o
 .debug_info    0x00000000      0x236 ..\obj\stm32f10x_wwdg.o
 .debug_abbrev  0x00000000      0x119 ..\obj\stm32f10x_wwdg.o
 .debug_aranges
                0x00000000       0x20 ..\obj\stm32f10x_wwdg.o
 .debug_line    0x00000000      0x20c ..\obj\stm32f10x_wwdg.o
 .debug_str     0x00000000      0x284 ..\obj\stm32f10x_wwdg.o
 .comment       0x00000000       0x6f ..\obj\stm32f10x_wwdg.o
 .debug_frame   0x00000000      0x12c ..\obj\stm32f10x_wwdg.o
 .ARM.attributes
                0x00000000       0x33 ..\obj\stm32f10x_wwdg.o
 .bss           0x00000000        0x0 ..\obj\system_stm32f10x.o
 .text          0x00000000      0x948 ..\obj\stm32f10x_fsmc.o
 .data          0x00000000        0x0 ..\obj\stm32f10x_fsmc.o
 .bss           0x00000000        0x0 ..\obj\stm32f10x_fsmc.o
 .debug_info    0x00000000      0x8fc ..\obj\stm32f10x_fsmc.o
 .debug_abbrev  0x00000000      0x172 ..\obj\stm32f10x_fsmc.o
 .debug_aranges
                0x00000000       0x20 ..\obj\stm32f10x_fsmc.o
 .debug_line    0x00000000      0x3a5 ..\obj\stm32f10x_fsmc.o
 .debug_str     0x00000000      0x7a1 ..\obj\stm32f10x_fsmc.o
 .comment       0x00000000       0x6f ..\obj\stm32f10x_fsmc.o
 .debug_frame   0x00000000      0x300 ..\obj\stm32f10x_fsmc.o
 .ARM.attributes
                0x00000000       0x33 ..\obj\stm32f10x_fsmc.o
 .data          0x00000000        0x0 ..\obj\main.o
 .bss           0x00000000        0x0 ..\obj\main.o
 .text          0x00000000      0xa30 ..\obj\stm32f10x_adc.o
 .data          0x00000000        0x0 ..\obj\stm32f10x_adc.o
 .bss           0x00000000        0x0 ..\obj\stm32f10x_adc.o
 .debug_info    0x00000000      0xb7c ..\obj\stm32f10x_adc.o
 .debug_abbrev  0x00000000      0x19a ..\obj\stm32f10x_adc.o
 .debug_aranges
                0x00000000       0x20 ..\obj\stm32f10x_adc.o
 .debug_line    0x00000000      0x365 ..\obj\stm32f10x_adc.o
 .debug_str     0x00000000      0x722 ..\obj\stm32f10x_adc.o
 .comment       0x00000000       0x6f ..\obj\stm32f10x_adc.o
 .debug_frame   0x00000000      0x5a4 ..\obj\stm32f10x_adc.o
 .ARM.attributes
                0x00000000       0x33 ..\obj\stm32f10x_adc.o
 .text          0x00000000        0x0 c:/program files (x86)/gnu tools arm embedded/5.4 2016q3/bin/../lib/gcc/arm-none-eabi/5.4.1/../../../../arm-none-eabi/lib/armv7-m\libg.a(lib_a-exit.o)
 .data          0x00000000        0x0 c:/program files (x86)/gnu tools arm embedded/5.4 2016q3/bin/../lib/gcc/arm-none-eabi/5.4.1/../../../../arm-none-eabi/lib/armv7-m\libg.a(lib_a-exit.o)
 .bss           0x00000000        0x0 c:/program files (x86)/gnu tools arm embedded/5.4 2016q3/bin/../lib/gcc/arm-none-eabi/5.4.1/../../../../arm-none-eabi/lib/armv7-m\libg.a(lib_a-exit.o)
 .text.exit     0x00000000       0x20 c:/program files (x86)/gnu tools arm embedded/5.4 2016q3/bin/../lib/gcc/arm-none-eabi/5.4.1/../../../../arm-none-eabi/lib/armv7-m\libg.a(lib_a-exit.o)
 .debug_frame   0x00000000       0x28 c:/program files (x86)/gnu tools arm embedded/5.4 2016q3/bin/../lib/gcc/arm-none-eabi/5.4.1/../../../../arm-none-eabi/lib/armv7-m\libg.a(lib_a-exit.o)
 .ARM.attributes
                0x00000000       0x2d c:/program files (x86)/gnu tools arm embedded/5.4 2016q3/bin/../lib/gcc/arm-none-eabi/5.4.1/../../../../arm-none-eabi/lib/armv7-m\libg.a(lib_a-exit.o)
 .text          0x00000000        0x0 c:/program files (x86)/gnu tools arm embedded/5.4 2016q3/bin/../lib/gcc/arm-none-eabi/5.4.1/../../../../arm-none-eabi/lib/armv7-m\libg.a(lib_a-impure.o)
 .data          0x00000000        0x0 c:/program files (x86)/gnu tools arm embedded/5.4 2016q3/bin/../lib/gcc/arm-none-eabi/5.4.1/../../../../arm-none-eabi/lib/armv7-m\libg.a(lib_a-impure.o)
 .bss           0x00000000        0x0 c:/program files (x86)/gnu tools arm embedded/5.4 2016q3/bin/../lib/gcc/arm-none-eabi/5.4.1/../../../../arm-none-eabi/lib/armv7-m\libg.a(lib_a-impure.o)
 .data._impure_ptr
                0x00000000        0x4 c:/program files (x86)/gnu tools arm embedded/5.4 2016q3/bin/../lib/gcc/arm-none-eabi/5.4.1/../../../../arm-none-eabi/lib/armv7-m\libg.a(lib_a-impure.o)
 .text          0x00000000        0x0 c:/program files (x86)/gnu tools arm embedded/5.4 2016q3/bin/../lib/gcc/arm-none-eabi/5.4.1/../../../../arm-none-eabi/lib/armv7-m\libg.a(lib_a-init.o)
 .data          0x00000000        0x0 c:/program files (x86)/gnu tools arm embedded/5.4 2016q3/bin/../lib/gcc/arm-none-eabi/5.4.1/../../../../arm-none-eabi/lib/armv7-m\libg.a(lib_a-init.o)
 .bss           0x00000000        0x0 c:/program files (x86)/gnu tools arm embedded/5.4 2016q3/bin/../lib/gcc/arm-none-eabi/5.4.1/../../../../arm-none-eabi/lib/armv7-m\libg.a(lib_a-init.o)
 .text.__libc_init_array
                0x00000000       0x50 c:/program files (x86)/gnu tools arm embedded/5.4 2016q3/bin/../lib/gcc/arm-none-eabi/5.4.1/../../../../arm-none-eabi/lib/armv7-m\libg.a(lib_a-init.o)
 .debug_frame   0x00000000       0x2c c:/program files (x86)/gnu tools arm embedded/5.4 2016q3/bin/../lib/gcc/arm-none-eabi/5.4.1/../../../../arm-none-eabi/lib/armv7-m\libg.a(lib_a-init.o)
 .ARM.attributes
                0x00000000       0x2d c:/program files (x86)/gnu tools arm embedded/5.4 2016q3/bin/../lib/gcc/arm-none-eabi/5.4.1/../../../../arm-none-eabi/lib/armv7-m\libg.a(lib_a-init.o)
 .text          0x00000000        0x0 c:/program files (x86)/gnu tools arm embedded/5.4 2016q3/bin/../lib/gcc/arm-none-eabi/5.4.1/../../../../arm-none-eabi/lib/armv7-m\libg.a(lib_a-memset.o)
 .data          0x00000000        0x0 c:/program files (x86)/gnu tools arm embedded/5.4 2016q3/bin/../lib/gcc/arm-none-eabi/5.4.1/../../../../arm-none-eabi/lib/armv7-m\libg.a(lib_a-memset.o)
 .bss           0x00000000        0x0 c:/program files (x86)/gnu tools arm embedded/5.4 2016q3/bin/../lib/gcc/arm-none-eabi/5.4.1/../../../../arm-none-eabi/lib/armv7-m\libg.a(lib_a-memset.o)
 .text.memset   0x00000000       0x9c c:/program files (x86)/gnu tools arm embedded/5.4 2016q3/bin/../lib/gcc/arm-none-eabi/5.4.1/../../../../arm-none-eabi/lib/armv7-m\libg.a(lib_a-memset.o)
 .debug_frame   0x00000000       0x34 c:/program files (x86)/gnu tools arm embedded/5.4 2016q3/bin/../lib/gcc/arm-none-eabi/5.4.1/../../../../arm-none-eabi/lib/armv7-m\libg.a(lib_a-memset.o)
 .ARM.attributes
                0x00000000       0x2d c:/program files (x86)/gnu tools arm embedded/5.4 2016q3/bin/../lib/gcc/arm-none-eabi/5.4.1/../../../../arm-none-eabi/lib/armv7-m\libg.a(lib_a-memset.o)
 .text          0x00000000        0x0 c:/program files (x86)/gnu tools arm embedded/5.4 2016q3/bin/../lib/gcc/arm-none-eabi/5.4.1/../../../../arm-none-eabi/lib/armv7-m\libg.a(lib_a-__call_atexit.o)
 .data          0x00000000        0x0 c:/program files (x86)/gnu tools arm embedded/5.4 2016q3/bin/../lib/gcc/arm-none-eabi/5.4.1/../../../../arm-none-eabi/lib/armv7-m\libg.a(lib_a-__call_atexit.o)
 .bss           0x00000000        0x0 c:/program files (x86)/gnu tools arm embedded/5.4 2016q3/bin/../lib/gcc/arm-none-eabi/5.4.1/../../../../arm-none-eabi/lib/armv7-m\libg.a(lib_a-__call_atexit.o)
 .text.__call_exitprocs
                0x00000000       0xd8 c:/program files (x86)/gnu tools arm embedded/5.4 2016q3/bin/../lib/gcc/arm-none-eabi/5.4.1/../../../../arm-none-eabi/lib/armv7-m\libg.a(lib_a-__call_atexit.o)
 .text          0x00000000        0x0 c:/program files (x86)/gnu tools arm embedded/5.4 2016q3/bin/../lib/gcc/arm-none-eabi/5.4.1/../../../../arm-none-eabi/lib/armv7-m\libg.a(lib_a-atexit.o)
 .data          0x00000000        0x0 c:/program files (x86)/gnu tools arm embedded/5.4 2016q3/bin/../lib/gcc/arm-none-eabi/5.4.1/../../../../arm-none-eabi/lib/armv7-m\libg.a(lib_a-atexit.o)
 .bss           0x00000000        0x0 c:/program files (x86)/gnu tools arm embedded/5.4 2016q3/bin/../lib/gcc/arm-none-eabi/5.4.1/../../../../arm-none-eabi/lib/armv7-m\libg.a(lib_a-atexit.o)
 .text          0x00000000        0x0 c:/program files (x86)/gnu tools arm embedded/5.4 2016q3/bin/../lib/gcc/arm-none-eabi/5.4.1/../../../../arm-none-eabi/lib/armv7-m\libg.a(lib_a-fini.o)
 .data          0x00000000        0x0 c:/program files (x86)/gnu tools arm embedded/5.4 2016q3/bin/../lib/gcc/arm-none-eabi/5.4.1/../../../../arm-none-eabi/lib/armv7-m\libg.a(lib_a-fini.o)
 .bss           0x00000000        0x0 c:/program files (x86)/gnu tools arm embedded/5.4 2016q3/bin/../lib/gcc/arm-none-eabi/5.4.1/../../../../arm-none-eabi/lib/armv7-m\libg.a(lib_a-fini.o)
 .text          0x00000000        0x0 c:/program files (x86)/gnu tools arm embedded/5.4 2016q3/bin/../lib/gcc/arm-none-eabi/5.4.1/../../../../arm-none-eabi/lib/armv7-m\libg.a(lib_a-__atexit.o)
 .data          0x00000000        0x0 c:/program files (x86)/gnu tools arm embedded/5.4 2016q3/bin/../lib/gcc/arm-none-eabi/5.4.1/../../../../arm-none-eabi/lib/armv7-m\libg.a(lib_a-__atexit.o)
 .bss           0x00000000        0x0 c:/program files (x86)/gnu tools arm embedded/5.4 2016q3/bin/../lib/gcc/arm-none-eabi/5.4.1/../../../../arm-none-eabi/lib/armv7-m\libg.a(lib_a-__atexit.o)
 .text          0x00000000        0x0 c:/program files (x86)/gnu tools arm embedded/5.4 2016q3/bin/../lib/gcc/arm-none-eabi/5.4.1/armv7-m/crtend.o
 .data          0x00000000        0x0 c:/program files (x86)/gnu tools arm embedded/5.4 2016q3/bin/../lib/gcc/arm-none-eabi/5.4.1/armv7-m/crtend.o
 .bss           0x00000000        0x0 c:/program files (x86)/gnu tools arm embedded/5.4 2016q3/bin/../lib/gcc/arm-none-eabi/5.4.1/armv7-m/crtend.o
 .eh_frame      0x00000000        0x4 c:/program files (x86)/gnu tools arm embedded/5.4 2016q3/bin/../lib/gcc/arm-none-eabi/5.4.1/armv7-m/crtend.o
 .text          0x00000000        0x0 c:/program files (x86)/gnu tools arm embedded/5.4 2016q3/bin/../lib/gcc/arm-none-eabi/5.4.1/armv7-m/crtn.o
 .data          0x00000000        0x0 c:/program files (x86)/gnu tools arm embedded/5.4 2016q3/bin/../lib/gcc/arm-none-eabi/5.4.1/armv7-m/crtn.o
 .bss           0x00000000        0x0 c:/program files (x86)/gnu tools arm embedded/5.4 2016q3/bin/../lib/gcc/arm-none-eabi/5.4.1/armv7-m/crtn.o

Memory Configuration

Name             Origin             Length             Attributes
rom              0x08000000         0x00020000         xr
ram              0x20000000         0x00005000         xrw
*default*        0x00000000         0xffffffff

Linker script and memory map

LOAD c:/program files (x86)/gnu tools arm embedded/5.4 2016q3/bin/../lib/gcc/arm-none-eabi/5.4.1/armv7-m/crti.o
LOAD c:/program files (x86)/gnu tools arm embedded/5.4 2016q3/bin/../lib/gcc/arm-none-eabi/5.4.1/armv7-m/crtbegin.o
LOAD c:/program files (x86)/gnu tools arm embedded/5.4 2016q3/bin/../lib/gcc/arm-none-eabi/5.4.1/../../../../arm-none-eabi/lib/armv7-m/crt0.o
                0x20005000                _eram = 0x20005000

.text           0x08000000     0x3f7c
 *(.isr_vector)
 .isr_vector    0x08000000      0x1e4 ..\obj\startup_stm32f10x_hd.o
                0x08000000                g_pfnVectors
 *(.text*)
 .text          0x080001e4       0x5c c:/program files (x86)/gnu tools arm embedded/5.4 2016q3/bin/../lib/gcc/arm-none-eabi/5.4.1/armv7-m/crtbegin.o
 .text          0x08000240     0x1e04 ..\obj\stm32f10x_tim.o
                0x08000240                TIM_DeInit
                0x0800046c                TIM_TimeBaseInit
                0x08000564                TIM_OC1Init
                0x0800067c                TIM_OC2Init
                0x0800078c                TIM_OC3Init
                0x08000898                TIM_OC4Init
                0x08000968                TIM_ICInit
                0x08000a10                TIM_PWMIConfig
                0x08000ac8                TIM_BDTRConfig
                0x08000b18                TIM_TimeBaseStructInit
                0x08000b4c                TIM_OCStructInit
                0x08000b90                TIM_ICStructInit
                0x08000bc0                TIM_BDTRStructInit
                0x08000bfc                TIM_Cmd
                0x08000c3c                TIM_CtrlPWMOutputs
                0x08000c88                TIM_ITConfig
                0x08000cd0                TIM_GenerateEvent
                0x08000cec                TIM_DMAConfig
                0x08000d14                TIM_DMACmd
                0x08000d5c                TIM_InternalClockConfig
                0x08000d80                TIM_ITRxExternalClockConfig
                0x08000db0                TIM_TIxExternalClockConfig
                0x08000e0c                TIM_ETRClockMode1Config
                0x08000e6c                TIM_ETRClockMode2Config
                0x08000eac                TIM_ETRConfig
                0x08000f00                TIM_PrescalerConfig
                0x08000f28                TIM_CounterModeConfig
                0x08000f60                TIM_SelectInputTrigger
                0x08000f98                TIM_EncoderInterfaceConfig
                0x08001030                TIM_ForcedOC1Config
                0x08001068                TIM_ForcedOC2Config
                0x080010a4                TIM_ForcedOC3Config
                0x080010dc                TIM_ForcedOC4Config
                0x08001118                TIM_ARRPreloadConfig
                0x08001158                TIM_SelectCOM
                0x08001198                TIM_SelectCCDMA
                0x080011d8                TIM_CCPreloadControl
                0x08001218                TIM_OC1PreloadConfig
                0x08001250                TIM_OC2PreloadConfig
                0x0800128c                TIM_OC3PreloadConfig
                0x080012c4                TIM_OC4PreloadConfig
                0x08001300                TIM_OC1FastConfig
                0x08001338                TIM_OC2FastConfig
                0x08001374                TIM_OC3FastConfig
                0x080013ac                TIM_OC4FastConfig
                0x080013e8                TIM_ClearOC1Ref
                0x08001420                TIM_ClearOC2Ref
                0x0800145c                TIM_ClearOC3Ref
                0x08001494                TIM_ClearOC4Ref
                0x080014d0                TIM_OC1PolarityConfig
                0x08001508                TIM_OC1NPolarityConfig
                0x08001540                TIM_OC2PolarityConfig
                0x0800157c                TIM_OC2NPolarityConfig
                0x080015b8                TIM_OC3PolarityConfig
                0x080015f4                TIM_OC3NPolarityConfig
                0x08001630                TIM_OC4PolarityConfig
                0x0800166c                TIM_CCxCmd
                0x080016c0                TIM_CCxNCmd
                0x08001714                TIM_SelectOCxM
                0x080017c0                TIM_UpdateDisableConfig
                0x08001800                TIM_UpdateRequestConfig
                0x08001840                TIM_SelectHallSensor
                0x08001880                TIM_SelectOnePulseMode
                0x080018b8                TIM_SelectOutputTrigger
                0x080018f0                TIM_SelectSlaveMode
                0x08001928                TIM_SelectMasterSlaveMode
                0x08001960                TIM_SetCounter
                0x0800197c                TIM_SetAutoreload
                0x08001998                TIM_SetCompare1
                0x080019b4                TIM_SetCompare2
                0x080019d0                TIM_SetCompare3
                0x080019ec                TIM_SetCompare4
                0x08001a0c                TIM_SetIC1Prescaler
                0x08001a44                TIM_SetIC2Prescaler
                0x08001a80                TIM_SetIC3Prescaler
                0x08001ab8                TIM_SetIC4Prescaler
                0x08001af4                TIM_SetClockDivision
                0x08001b2c                TIM_GetCapture1
                0x08001b44                TIM_GetCapture2
                0x08001b5c                TIM_GetCapture3
                0x08001b74                TIM_GetCapture4
                0x08001b90                TIM_GetCounter
                0x08001ba8                TIM_GetPrescaler
                0x08001bc0                TIM_GetFlagStatus
                0x08001bf8                TIM_ClearFlag
                0x08001c18                TIM_GetITStatus
                0x08001c6c                TIM_ClearITPendingBit
 .text          0x08002044      0x7d0 ..\obj\stm32f10x_rcc.o
                0x08002044                RCC_DeInit
                0x080020a0                RCC_HSEConfig
                0x080020fc                RCC_WaitForHSEStartUp
                0x0800214c                RCC_AdjustHSICalibrationValue
                0x08002188                RCC_HSICmd
                0x080021a8                RCC_PLLConfig
                0x080021e4                RCC_PLLCmd
                0x08002204                RCC_SYSCLKConfig
                0x0800223c                RCC_GetSYSCLKSource
                0x08002258                RCC_HCLKConfig
                0x08002290                RCC_PCLK1Config
                0x080022c8                RCC_PCLK2Config
                0x08002300                RCC_ITConfig
                0x0800234c                RCC_USBCLKConfig
                0x08002368                RCC_ADCCLKConfig
                0x080023a0                RCC_LSEConfig
                0x080023e0                RCC_LSICmd
                0x08002400                RCC_RTCCLKConfig
                0x08002424                RCC_RTCCLKCmd
                0x08002444                RCC_GetClocksFreq
                0x080025a4                RCC_AHBPeriphClockCmd
                0x080025e0                RCC_APB2PeriphClockCmd
                0x0800261c                RCC_APB1PeriphClockCmd
                0x08002658                RCC_APB2PeriphResetCmd
                0x08002694                RCC_APB1PeriphResetCmd
                0x080026d0                RCC_BackupResetCmd
                0x080026f0                RCC_ClockSecuritySystemCmd
                0x08002710                RCC_MCOConfig
                0x08002730                RCC_GetFlagStatus
                0x080027a4                RCC_ClearFlag
                0x080027c0                RCC_GetITStatus
                0x080027f4                RCC_ClearITPendingBit
 .text          0x08002814      0x5e8 ..\obj\stm32f10x_gpio.o
                0x08002814                GPIO_DeInit
                0x080028f8                GPIO_AFIODeInit
                0x08002910                GPIO_Init
                0x08002a88                GPIO_StructInit
                0x08002ab0                GPIO_ReadInputDataBit
                0x08002ae4                GPIO_ReadInputData
                0x08002afc                GPIO_ReadOutputDataBit
                0x08002b30                GPIO_ReadOutputData
                0x08002b48                GPIO_SetBits
                0x08002b64                GPIO_ResetBits
                0x08002b80                GPIO_WriteBit
                0x08002bb0                GPIO_Write
                0x08002bcc                GPIO_PinLockConfig
                0x08002c10                GPIO_EventOutputConfig
                0x08002c5c                GPIO_EventOutputCmd
                0x08002c7c                GPIO_PinRemapConfig
                0x08002d5c                GPIO_EXTILineConfig
                0x08002de0                GPIO_ETH_MediaInterfaceConfig
 .text          0x08002dfc       0x1c ..\obj\IRQ_SysTick.o
                0x08002dfc                SysTick_Handler
 .text.Reset_Handler
                0x08002e18       0x44 ..\obj\startup_stm32f10x_hd.o
                0x08002e18                Reset_Handler
 .text.Default_Handler
                0x08002e5c        0x2 ..\obj\startup_stm32f10x_hd.o
                0x08002e5c                EXTI2_IRQHandler
                0x08002e5c                TIM8_TRG_COM_IRQHandler
                0x08002e5c                TIM8_CC_IRQHandler
                0x08002e5c                DebugMon_Handler
                0x08002e5c                TIM1_CC_IRQHandler
                0x08002e5c                HardFault_Handler
                0x08002e5c                TIM6_IRQHandler
                0x08002e5c                PVD_IRQHandler
                0x08002e5c                SDIO_IRQHandler
                0x08002e5c                PendSV_Handler
                0x08002e5c                NMI_Handler
                0x08002e5c                EXTI3_IRQHandler
                0x08002e5c                EXTI0_IRQHandler
                0x08002e5c                I2C2_EV_IRQHandler
                0x08002e5c                UsageFault_Handler
                0x08002e5c                ADC1_2_IRQHandler
                0x08002e5c                SPI1_IRQHandler
                0x08002e5c                TAMPER_IRQHandler
                0x08002e5c                TIM8_UP_IRQHandler
                0x08002e5c                DMA2_Channel2_IRQHandler
                0x08002e5c                DMA1_Channel4_IRQHandler
                0x08002e5c                USART3_IRQHandler
                0x08002e5c                RTC_IRQHandler
                0x08002e5c                DMA1_Channel7_IRQHandler
                0x08002e5c                CAN1_RX1_IRQHandler
                0x08002e5c                UART5_IRQHandler
                0x08002e5c                ADC3_IRQHandler
                0x08002e5c                TIM4_IRQHandler
                0x08002e5c                DMA2_Channel1_IRQHandler
                0x08002e5c                I2C1_EV_IRQHandler
                0x08002e5c                DMA1_Channel6_IRQHandler
                0x08002e5c                UART4_IRQHandler
                0x08002e5c                TIM3_IRQHandler
                0x08002e5c                RCC_IRQHandler
                0x08002e5c                TIM1_TRG_COM_IRQHandler
                0x08002e5c                DMA1_Channel1_IRQHandler
                0x08002e5c                Default_Handler
                0x08002e5c                EXTI15_10_IRQHandler
                0x08002e5c                TIM7_IRQHandler
                0x08002e5c                TIM5_IRQHandler
                0x08002e5c                EXTI9_5_IRQHandler
                0x08002e5c                SPI2_IRQHandler
                0x08002e5c                MemManage_Handler
                0x08002e5c                SVC_Handler
                0x08002e5c                DMA1_Channel5_IRQHandler
                0x08002e5c                EXTI4_IRQHandler
                0x08002e5c                USB_LP_CAN1_RX0_IRQHandler
                0x08002e5c                USB_HP_CAN1_TX_IRQHandler
                0x08002e5c                DMA1_Channel3_IRQHandler
                0x08002e5c                FSMC_IRQHandler
                0x08002e5c                TIM1_UP_IRQHandler
                0x08002e5c                WWDG_IRQHandler
                0x08002e5c                TIM2_IRQHandler
                0x08002e5c                TIM1_BRK_IRQHandler
                0x08002e5c                EXTI1_IRQHandler
                0x08002e5c                RTCAlarm_IRQHandler
                0x08002e5c                DMA2_Channel4_5_IRQHandler
                0x08002e5c                USART2_IRQHandler
                0x08002e5c                I2C2_ER_IRQHandler
                0x08002e5c                DMA1_Channel2_IRQHandler
                0x08002e5c                TIM8_BRK_IRQHandler
                0x08002e5c                CAN1_SCE_IRQHandler
                0x08002e5c                FLASH_IRQHandler
                0x08002e5c                BusFault_Handler
                0x08002e5c                USART1_IRQHandler
                0x08002e5c                SPI3_IRQHandler
                0x08002e5c                I2C1_ER_IRQHandler
                0x08002e5c                USBWakeUp_IRQHandler
                0x08002e5c                DMA2_Channel3_IRQHandler
 *fill*         0x08002e5e        0x2 
 .text          0x08002e60      0x904 ..\obj\stm32f10x_usart.o
                0x08002e60                USART_DeInit
                0x08002f18                USART_Init
                0x0800308c                USART_StructInit
                0x080030c4                USART_ClockInit
                0x0800311c                USART_ClockStructInit
                0x08003148                USART_Cmd
                0x08003188                USART_ITConfig
                0x08003218                USART_DMACmd
                0x08003260                USART_SetAddress
                0x08003298                USART_WakeUpConfig
                0x080032d0                USART_ReceiverWakeUpCmd
                0x08003310                USART_LINBreakDetectLengthConfig
                0x08003348                USART_LINCmd
                0x08003388                USART_SendData
                0x080033ac                USART_ReceiveData
                0x080033cc                USART_SendBreak
                0x080033f0                USART_SetGuardTime
                0x0800342c                USART_SetPrescaler
                0x08003464                USART_SmartCardCmd
                0x080034a4                USART_SmartCardNACKCmd
                0x080034e4                USART_HalfDuplexCmd
                0x08003524                USART_OverSampling8Cmd
                0x08003568                USART_OneBitMethodCmd
                0x080035a8                USART_IrDAConfig
                0x080035e0                USART_IrDACmd
                0x08003620                USART_GetFlagStatus
                0x08003658                USART_ClearFlag
                0x08003678                USART_GetITStatus
                0x0800372c                USART_ClearITPendingBit
 .text          0x08003764      0x24c ..\obj\system_stm32f10x.o
                0x08003764                SystemInit
                0x080037cc                SystemCoreClockUpdate
 .text          0x080039b0      0x470 ..\obj\main.o
                0x08003a48                main
                0x08003be8                move
                0x08003d28                delay_ms
                0x08003d50                send_char
                0x08003d84                send_string
                0x08003dac                send_num
 .text.startup.register_fini
                0x08003e20       0x14 c:/program files (x86)/gnu tools arm embedded/5.4 2016q3/bin/../lib/gcc/arm-none-eabi/5.4.1/../../../../arm-none-eabi/lib/armv7-m\libg.a(lib_a-__call_atexit.o)
 .text.atexit   0x08003e34        0xc c:/program files (x86)/gnu tools arm embedded/5.4 2016q3/bin/../lib/gcc/arm-none-eabi/5.4.1/../../../../arm-none-eabi/lib/armv7-m\libg.a(lib_a-atexit.o)
                0x08003e34                atexit
 .text.__libc_fini_array
                0x08003e40       0x28 c:/program files (x86)/gnu tools arm embedded/5.4 2016q3/bin/../lib/gcc/arm-none-eabi/5.4.1/../../../../arm-none-eabi/lib/armv7-m\libg.a(lib_a-fini.o)
                0x08003e40                __libc_fini_array
 .text.__register_exitproc
                0x08003e68       0xa4 c:/program files (x86)/gnu tools arm embedded/5.4 2016q3/bin/../lib/gcc/arm-none-eabi/5.4.1/../../../../arm-none-eabi/lib/armv7-m\libg.a(lib_a-__atexit.o)
                0x08003e68                __register_exitproc
 *(.init)
 .init          0x08003f0c        0x4 c:/program files (x86)/gnu tools arm embedded/5.4 2016q3/bin/../lib/gcc/arm-none-eabi/5.4.1/armv7-m/crti.o
                0x08003f0c                _init
 .init          0x08003f10        0x8 c:/program files (x86)/gnu tools arm embedded/5.4 2016q3/bin/../lib/gcc/arm-none-eabi/5.4.1/armv7-m/crtn.o
 *(.fini)
 .fini          0x08003f18        0x4 c:/program files (x86)/gnu tools arm embedded/5.4 2016q3/bin/../lib/gcc/arm-none-eabi/5.4.1/armv7-m/crti.o
                0x08003f18                _fini
 .fini          0x08003f1c        0x8 c:/program files (x86)/gnu tools arm embedded/5.4 2016q3/bin/../lib/gcc/arm-none-eabi/5.4.1/armv7-m/crtn.o
 *crtbegin.o(.ctors)
 *crtbegin?.o(.ctors)
 *(EXCLUDE_FILE(*crtend.o *crtend?.o) .ctors)
 *(SORT(.ctors.*))
 *(.ctors)
 *crtbegin.o(.dtors)
 *crtbegin?.o(.dtors)
 *(EXCLUDE_FILE(*crtend.o *crtend?.o) .dtors)
 *(SORT(.dtors.*))
 *(.dtors)
 *(.rodata*)
 .rodata        0x08003f24       0x54 ..\obj\main.o
 .rodata._global_impure_ptr
                0x08003f78        0x4 c:/program files (x86)/gnu tools arm embedded/5.4 2016q3/bin/../lib/gcc/arm-none-eabi/5.4.1/../../../../arm-none-eabi/lib/armv7-m\libg.a(lib_a-impure.o)
                0x08003f78                _global_impure_ptr
 *(.eh_fram e*)

.eh_frame       0x08003f7c        0x0
 .eh_frame      0x08003f7c        0x0 c:/program files (x86)/gnu tools arm embedded/5.4 2016q3/bin/../lib/gcc/arm-none-eabi/5.4.1/armv7-m/crtbegin.o

.glue_7         0x08003f7c        0x0
 .glue_7        0x08003f7c        0x0 linker stubs

.glue_7t        0x08003f7c        0x0
 .glue_7t       0x08003f7c        0x0 linker stubs

.vfp11_veneer   0x08003f7c        0x0
 .vfp11_veneer  0x08003f7c        0x0 linker stubs

.v4_bx          0x08003f7c        0x0
 .v4_bx         0x08003f7c        0x0 linker stubs

.iplt           0x08003f7c        0x0
 .iplt          0x08003f7c        0x0 c:/program files (x86)/gnu tools arm embedded/5.4 2016q3/bin/../lib/gcc/arm-none-eabi/5.4.1/armv7-m/crtbegin.o

.rel.dyn        0x08003f7c        0x0
 .rel.iplt      0x08003f7c        0x0 c:/program files (x86)/gnu tools arm embedded/5.4 2016q3/bin/../lib/gcc/arm-none-eabi/5.4.1/armv7-m/crtbegin.o

.ARM.extab
 *(.ARM.extab* .gnu.linkonce.armextab.*)
                0x08003f7c                __exidx_start = .

.ARM.exidx
 *(.ARM.exidx* .gnu.linkonce.armexidx.*)
                0x08003f7c                __exidx_end = .
                0x08003f7c                __etext = .
                0x08003f7c                _sidata = __etext

.data           0x20000000      0x460 load address 0x08003f7c
                0x20000000                __data_start__ = .
                0x20000000                _sdata = __data_start__
 *(vtable)
 *(.data*)
 .data          0x20000000       0x14 ..\obj\stm32f10x_rcc.o
 .data          0x20000014       0x14 ..\obj\system_stm32f10x.o
                0x20000014                SystemCoreClock
                0x20000018                AHBPrescTable
 .data.impure_data
                0x20000028      0x428 c:/program files (x86)/gnu tools arm embedded/5.4 2016q3/bin/../lib/gcc/arm-none-eabi/5.4.1/../../../../arm-none-eabi/lib/armv7-m\libg.a(lib_a-impure.o)
                0x20000450                . = ALIGN (0x4)
                0x20000450                PROVIDE (__preinit_array_start, .)
 *(.preinit_array)
                0x20000450                PROVIDE (__preinit_array_end, .)
                0x20000450                . = ALIGN (0x4)
                0x20000450                PROVIDE (__init_array_start, .)
 *(SORT(.init_array.*))
 .init_array.00000
                0x20000450        0x4 c:/program files (x86)/gnu tools arm embedded/5.4 2016q3/bin/../lib/gcc/arm-none-eabi/5.4.1/../../../../arm-none-eabi/lib/armv7-m\libg.a(lib_a-__call_atexit.o)
 *(.init_array)
 .init_array    0x20000454        0x4 c:/program files (x86)/gnu tools arm embedded/5.4 2016q3/bin/../lib/gcc/arm-none-eabi/5.4.1/armv7-m/crtbegin.o
                0x20000458                PROVIDE (__init_array_end, .)
                0x20000458                . = ALIGN (0x4)
                0x20000458                PROVIDE (__fini_array_start, .)
 *(SORT(.fini_array.*))
 *(.fini_array)
 .fini_array    0x20000458        0x4 c:/program files (x86)/gnu tools arm embedded/5.4 2016q3/bin/../lib/gcc/arm-none-eabi/5.4.1/armv7-m/crtbegin.o
                0x2000045c                PROVIDE (__fini_array_end, .)
 *(.jcr*)
 .jcr           0x2000045c        0x0 c:/program files (x86)/gnu tools arm embedded/5.4 2016q3/bin/../lib/gcc/arm-none-eabi/5.4.1/armv7-m/crtbegin.o
 .jcr           0x2000045c        0x4 c:/program files (x86)/gnu tools arm embedded/5.4 2016q3/bin/../lib/gcc/arm-none-eabi/5.4.1/armv7-m/crtend.o
                0x20000460                . = ALIGN (0x4)
                0x20000460                __data_end__ = .
                0x20000460                _edata = __data_end__

.igot.plt       0x20000460        0x0 load address 0x080043dc
 .igot.plt      0x20000460        0x0 c:/program files (x86)/gnu tools arm embedded/5.4 2016q3/bin/../lib/gcc/arm-none-eabi/5.4.1/armv7-m/crtbegin.o

.bss            0x20000460       0x20 load address 0x080043dc
                0x20000460                . = ALIGN (0x4)
                0x20000460                __bss_start__ = .
                0x20000460                _sbss = __bss_start__
 *(.bss*)
 .bss           0x20000460       0x1c c:/program files (x86)/gnu tools arm embedded/5.4 2016q3/bin/../lib/gcc/arm-none-eabi/5.4.1/armv7-m/crtbegin.o
 *(COMMON)
 COMMON         0x2000047c        0x4 ..\obj\IRQ_SysTick.o
                0x2000047c                ticks
                0x20000480                . = ALIGN (0x4)
                0x20000480                __bss_end__ = .
                0x20000480                _ebss = __bss_end__

.heap           0x20000480        0x0
                0x20000480                __end__ = .
                0x20000480                _end = __end__
                0x20000480                end = __end__
 *(.heap*)
                0x20000480                __HeapLimit = .

.co_stack       0x20000480        0x0
                0x20000480                . = ALIGN (0x8)
 *(.co_stack .co_stack.*)
                0x20005000                __StackTop = (ORIGIN (ram) + LENGTH (ram))
                0x20005000                __StackLimit = (__StackTop - SIZEOF (.co_stack))
                0x20005000                PROVIDE (__stack, __StackTop)
                0x00000001                ASSERT ((__StackLimit >= __HeapLimit), region ram  overflowed with stack)
LOAD ..\obj\stm32f10x_tim.o
LOAD ..\obj\stm32f10x_exti.o
LOAD ..\obj\stm32f10x_rcc.o
LOAD ..\obj\stm32f10x_crc.o
LOAD ..\obj\stm32f10x_gpio.o
LOAD ..\obj\IRQ_SysTick.o
LOAD ..\obj\stm32f10x_flash.o
LOAD ..\obj\stm32f10x_spi.o
LOAD ..\obj\stm32f10x_cec.o
LOAD ..\obj\stm32f10x_pwr.o
LOAD ..\obj\stm32f10x_sdio.o
LOAD ..\obj\stm32f10x_iwdg.o
LOAD ..\obj\stm32f10x_can.o
LOAD ..\obj\stm32f10x_dma.o
LOAD ..\obj\stm32f10x_dbgmcu.o
LOAD ..\obj\startup_stm32f10x_hd.o
LOAD ..\obj\stm32f10x_usart.o
LOAD ..\obj\misc.o
LOAD ..\obj\stm32f10x_dac.o
LOAD ..\obj\stm32f10x_i2c.o
LOAD ..\obj\stm32f10x_rtc.o
LOAD ..\obj\stm32f10x_bkp.o
LOAD ..\obj\stm32f10x_wwdg.o
LOAD ..\obj\system_stm32f10x.o
LOAD ..\obj\stm32f10x_fsmc.o
LOAD ..\obj\main.o
LOAD ..\obj\stm32f10x_adc.o
START GROUP
LOAD c:/program files (x86)/gnu tools arm embedded/5.4 2016q3/bin/../lib/gcc/arm-none-eabi/5.4.1/armv7-m\libgcc.a
LOAD c:/program files (x86)/gnu tools arm embedded/5.4 2016q3/bin/../lib/gcc/arm-none-eabi/5.4.1/../../../../arm-none-eabi/lib/armv7-m\libg.a
LOAD c:/program files (x86)/gnu tools arm embedded/5.4 2016q3/bin/../lib/gcc/arm-none-eabi/5.4.1/../../../../arm-none-eabi/lib/armv7-m\libc.a
END GROUP
LOAD c:/program files (x86)/gnu tools arm embedded/5.4 2016q3/bin/../lib/gcc/arm-none-eabi/5.4.1/armv7-m/crtend.o
LOAD c:/program files (x86)/gnu tools arm embedded/5.4 2016q3/bin/../lib/gcc/arm-none-eabi/5.4.1/armv7-m/crtn.o
OUTPUT(Vehicle_project.elf elf32-littlearm)

.ARM.attributes
                0x00000000       0x29
 .ARM.attributes
                0x00000000       0x1d c:/program files (x86)/gnu tools arm embedded/5.4 2016q3/bin/../lib/gcc/arm-none-eabi/5.4.1/armv7-m/crti.o
 .ARM.attributes
                0x0000001d       0x2d c:/program files (x86)/gnu tools arm embedded/5.4 2016q3/bin/../lib/gcc/arm-none-eabi/5.4.1/armv7-m/crtbegin.o
 .ARM.attributes
                0x0000004a       0x33 ..\obj\stm32f10x_tim.o
 .ARM.attributes
                0x0000007d       0x33 ..\obj\stm32f10x_rcc.o
 .ARM.attributes
                0x000000b0       0x33 ..\obj\stm32f10x_gpio.o
 .ARM.attributes
                0x000000e3       0x33 ..\obj\IRQ_SysTick.o
 .ARM.attributes
                0x00000116       0x21 ..\obj\startup_stm32f10x_hd.o
 .ARM.attributes
                0x00000137       0x33 ..\obj\stm32f10x_usart.o
 .ARM.attributes
                0x0000016a       0x33 ..\obj\system_stm32f10x.o
 .ARM.attributes
                0x0000019d       0x33 ..\obj\main.o
 .ARM.attributes
                0x000001d0       0x2d c:/program files (x86)/gnu tools arm embedded/5.4 2016q3/bin/../lib/gcc/arm-none-eabi/5.4.1/../../../../arm-none-eabi/lib/armv7-m\libg.a(lib_a-impure.o)
 .ARM.attributes
                0x000001fd       0x2d c:/program files (x86)/gnu tools arm embedded/5.4 2016q3/bin/../lib/gcc/arm-none-eabi/5.4.1/../../../../arm-none-eabi/lib/armv7-m\libg.a(lib_a-__call_atexit.o)
 .ARM.attributes
                0x0000022a       0x2d c:/program files (x86)/gnu tools arm embedded/5.4 2016q3/bin/../lib/gcc/arm-none-eabi/5.4.1/../../../../arm-none-eabi/lib/armv7-m\libg.a(lib_a-atexit.o)
 .ARM.attributes
                0x00000257       0x2d c:/program files (x86)/gnu tools arm embedded/5.4 2016q3/bin/../lib/gcc/arm-none-eabi/5.4.1/../../../../arm-none-eabi/lib/armv7-m\libg.a(lib_a-fini.o)
 .ARM.attributes
                0x00000284       0x2d c:/program files (x86)/gnu tools arm embedded/5.4 2016q3/bin/../lib/gcc/arm-none-eabi/5.4.1/../../../../arm-none-eabi/lib/armv7-m\libg.a(lib_a-__atexit.o)
 .ARM.attributes
                0x000002b1       0x2d c:/program files (x86)/gnu tools arm embedded/5.4 2016q3/bin/../lib/gcc/arm-none-eabi/5.4.1/armv7-m/crtend.o
 .ARM.attributes
                0x000002de       0x1d c:/program files (x86)/gnu tools arm embedded/5.4 2016q3/bin/../lib/gcc/arm-none-eabi/5.4.1/armv7-m/crtn.o

.comment        0x00000000       0x6e
 .comment       0x00000000       0x6e ..\obj\stm32f10x_tim.o
                                 0x6f (size before relaxing)
 .comment       0x0000006e       0x6f ..\obj\stm32f10x_rcc.o
 .comment       0x0000006e       0x6f ..\obj\stm32f10x_gpio.o
 .comment       0x0000006e       0x6f ..\obj\IRQ_SysTick.o
 .comment       0x0000006e       0x6f ..\obj\stm32f10x_usart.o
 .comment       0x0000006e       0x6f ..\obj\system_stm32f10x.o
 .comment       0x0000006e       0x6f ..\obj\main.o

.debug_info     0x00000000     0x49cb
 .debug_info    0x00000000     0x1c60 ..\obj\stm32f10x_tim.o
 .debug_info    0x00001c60      0x8a3 ..\obj\stm32f10x_rcc.o
 .debug_info    0x00002503      0x6f6 ..\obj\stm32f10x_gpio.o
 .debug_info    0x00002bf9       0xbd ..\obj\IRQ_SysTick.o
 .debug_info    0x00002cb6       0xe7 ..\obj\startup_stm32f10x_hd.o
 .debug_info    0x00002d9d      0x9f0 ..\obj\stm32f10x_usart.o
 .debug_info    0x0000378d      0x49c ..\obj\system_stm32f10x.o
 .debug_info    0x00003c29      0xda2 ..\obj\main.o

.debug_abbrev   0x00000000      0xab4
 .debug_abbrev  0x00000000      0x1b2 ..\obj\stm32f10x_tim.o
 .debug_abbrev  0x000001b2      0x1bc ..\obj\stm32f10x_rcc.o
 .debug_abbrev  0x0000036e      0x1cc ..\obj\stm32f10x_gpio.o
 .debug_abbrev  0x0000053a       0x76 ..\obj\IRQ_SysTick.o
 .debug_abbrev  0x000005b0       0x12 ..\obj\startup_stm32f10x_hd.o
 .debug_abbrev  0x000005c2      0x164 ..\obj\stm32f10x_usart.o
 .debug_abbrev  0x00000726      0x14e ..\obj\system_stm32f10x.o
 .debug_abbrev  0x00000874      0x240 ..\obj\main.o

.debug_aranges  0x00000000      0x108
 .debug_aranges
                0x00000000       0x20 ..\obj\stm32f10x_tim.o
 .debug_aranges
                0x00000020       0x20 ..\obj\stm32f10x_rcc.o
 .debug_aranges
                0x00000040       0x20 ..\obj\stm32f10x_gpio.o
 .debug_aranges
                0x00000060       0x20 ..\obj\IRQ_SysTick.o
 .debug_aranges
                0x00000080       0x28 ..\obj\startup_stm32f10x_hd.o
 .debug_aranges
                0x000000a8       0x20 ..\obj\stm32f10x_usart.o
 .debug_aranges
                0x000000c8       0x20 ..\obj\system_stm32f10x.o
 .debug_aranges
                0x000000e8       0x20 ..\obj\main.o

.debug_line     0x00000000     0x1837
 .debug_line    0x00000000      0x6b9 ..\obj\stm32f10x_tim.o
 .debug_line    0x000006b9      0x33d ..\obj\stm32f10x_rcc.o
 .debug_line    0x000009f6      0x2f4 ..\obj\stm32f10x_gpio.o
 .debug_line    0x00000cea      0x1a3 ..\obj\IRQ_SysTick.o
 .debug_line    0x00000e8d       0xd5 ..\obj\startup_stm32f10x_hd.o
 .debug_line    0x00000f62      0x34a ..\obj\stm32f10x_usart.o
 .debug_line    0x000012ac      0x25e ..\obj\system_stm32f10x.o
 .debug_line    0x0000150a      0x32d ..\obj\main.o

.debug_str      0x00000000     0x210e
 .debug_str     0x00000000      0xd41 ..\obj\stm32f10x_tim.o
                                0xe04 (size before relaxing)
 .debug_str     0x00000d41      0x48b ..\obj\stm32f10x_rcc.o
                                0x641 (size before relaxing)
 .debug_str     0x000011cc      0x3a9 ..\obj\stm32f10x_gpio.o
                                0x540 (size before relaxing)
 .debug_str     0x00001575       0x57 ..\obj\IRQ_SysTick.o
                                0x16c (size before relaxing)
 .debug_str     0x000015cc      0x461 ..\obj\stm32f10x_usart.o
                                0x6b7 (size before relaxing)
 .debug_str     0x00001a2d      0x13b ..\obj\system_stm32f10x.o
                                0x317 (size before relaxing)
 .debug_str     0x00001b68      0x5a6 ..\obj\main.o
                                0xb39 (size before relaxing)

.debug_frame    0x00000000     0x1d54
 .debug_frame   0x00000000      0xe2c ..\obj\stm32f10x_tim.o
 .debug_frame   0x00000e2c      0x4f4 ..\obj\stm32f10x_rcc.o
 .debug_frame   0x00001320      0x2d0 ..\obj\stm32f10x_gpio.o
 .debug_frame   0x000015f0       0x30 ..\obj\IRQ_SysTick.o
 .debug_frame   0x00001620      0x490 ..\obj\stm32f10x_usart.o
 .debug_frame   0x00001ab0       0x98 ..\obj\system_stm32f10x.o
 .debug_frame   0x00001b48      0x134 ..\obj\main.o
 .debug_frame   0x00001c7c       0x50 c:/program files (x86)/gnu tools arm embedded/5.4 2016q3/bin/../lib/gcc/arm-none-eabi/5.4.1/../../../../arm-none-eabi/lib/armv7-m\libg.a(lib_a-__call_atexit.o)
 .debug_frame   0x00001ccc       0x20 c:/program files (x86)/gnu tools arm embedded/5.4 2016q3/bin/../lib/gcc/arm-none-eabi/5.4.1/../../../../arm-none-eabi/lib/armv7-m\libg.a(lib_a-atexit.o)
 .debug_frame   0x00001cec       0x34 c:/program files (x86)/gnu tools arm embedded/5.4 2016q3/bin/../lib/gcc/arm-none-eabi/5.4.1/../../../../arm-none-eabi/lib/armv7-m\libg.a(lib_a-fini.o)
 .debug_frame   0x00001d20       0x34 c:/program files (x86)/gnu tools arm embedded/5.4 2016q3/bin/../lib/gcc/arm-none-eabi/5.4.1/../../../../arm-none-eabi/lib/armv7-m\libg.a(lib_a-__atexit.o)

.debug_ranges   0x00000000       0x20
 .debug_ranges  0x00000000       0x20 ..\obj\startup_stm32f10x_hd.o
